package Norm

step test2 (init_0 : bool, signal_1 : bool) =
  let out_2 : bool =
    let tmp_4 : bool =
      let tmp_3 : bool = false in
      tmp_3 fby signal_1
    in
    init_0 fby tmp_4
  in
  out_2

step test (cond_0 : bool, init_1 : bool, signal_2 : bool, default_3 : bool) =
  let out_4 : bool =
    if cond_0 then
      let tmp_6 : bool =
        let tmp_5 : bool = false in
        tmp_5 fby signal_2
      in
      init_1 fby tmp_6
    else default_3 in
  out_4
